                     /gene="yafU"
                     /locus_tag="b0218"
                     /gene_synonym="ECK0218"
                     /pseudo
                     /db_xref="ASAP:ABE-0000729"
                     /db_xref="ECOCYC:G6102"
                     /db_xref="EcoGene:EG13333"
                     /db_xref="GeneID:946644"
