                     /allele="adh1-1"
                     /altitude="-256 m"
                     /altitude="330.12 m"
                     /anticodon=(pos:34..36,aa:Phe,seq:aaa)
                     /anticodon=(pos:join(5,495..496),aa:Leu,seq:taa)
                     /anticodon=(pos:complement(4156..4158),aa:Gln,seq:ttg)
                     /artificial_location="heterogeneous population sequenced"
                     /artificial_location="low-quality sequence region"
                     /bio_material="CGC:CB3912"
                     /bound_moiety="GAL4"
                     /cell_line="MCF7"
                     /cell_type="leukocyte"
                     /chromosome="1"
                     /citation=[3]
                     /clone="lambda-hIL7.3"
                     /clone_lib="lambda-hIL7"
                     /codon_start=2
                     /collected_by="Dan Janzen"
                     /collection_date="21-Oct-1952"
                     /collection_date="Oct-1952"
                     /collection_date="1952"
                     /collection_date="1952-10-21T11:43Z"
                     /collection_date="1952-10-21T11Z"
                     /collection_date="1952-10-21"
                     /collection_date="1952-10"
                     /collection_date="21-Oct-1952/15-Feb-1953"
                     /collection_date="Oct-1952/Feb-1953"
                     /collection_date="1952/1953"
                     /collection_date="1952-10-21/1953-02-15"
                     /collection_date="1952-10/1953-02"
                     /collection_date="1952-10-21T11:43Z/1952-10-21T17:43Z"
                     /collection_date="2015-10-11T17:53:03Z"
                     /compare=AJ634337.1
                     /country="Canada:Vancouver"
                     /country="France:Cote d'Azur, Antibes"
                     /country="Atlantic Ocean:Charlie Gibbs Fracture Zone"
                     /cultivar="Nipponbare"
                     /cultivar="Tenuifolius"
                     /cultivar="Candy Cane"
                     /cultivar="IR36"
                     /culture_collection="ATCC:26370"
                     /db_xref="UniProtKB/Swiss-Prot:P28763"
                     /dev_stage="fourth instar larva"
                     /direction=LEFT
                     /EC_number="1.1.2.4"
                     /EC_number="1.1.2.-"
                     /EC_number="1.1.2.n"
                     /EC_number="1.1.2.n1"
                     /ecotype="Columbia"
                     /environmental_sample
                     /estimated_length=unknown
                     /estimated_length=342
                     /exception="RNA editing"
                     /exception="reasons given in citation"
                     /exception="rearrangement required for product"
                     /exception="annotated by transcript or proteomic data"
                     /experiment="5' RACE"
                     /experiment="Northern blot [DOI: 12.3456/FT.789.1.234-567.2010]"
                     /experiment="heterologous expression system of Xenopus laevis
                     oocytes [PMID: 12345678, 10101010, 987654]"
                     /experiment="COORDINATES: 5' and 3' RACE"
                     /focus
                     /frequency="23/108"
                     /frequency="1 in 12"
                     /frequency=".85"
                     /function="essential for recognition of cofactor"
                     /gap_type="between scaffolds"
                     /gene="ilvE"
                     /gene_synonym="Hox-3.3"
                     /germline
                     /haplogroup="H*"
                     /haplotype="Dw3 B5 Cw1 A1"
                     /host="Homo sapiens"
                     /host="Homo sapiens 12 year old girl"
                     /host="Rhizobium NGR234"
                     /identified_by="John Burns"
                     /inference="COORDINATES:profile:tRNAscan:2.1"
                     /inference="similar to DNA sequence:INSD:AY411252.1"
                     /inference="similar to RNA sequence, mRNA:RefSeq:NM_000041.2"
                     /inference="similar to DNA sequence (same
                     species):INSD:AACN010222672.1"
                     /inference="protein motif:InterPro:IPR001900"
                     /inference="ab initio prediction:Genscan:2.0"
                     /inference="alignment:Splign:1.0"
                     /inference="alignment:Splign:1.26p:RefSeq:NM_000041.2,INSD:BC003557.1"
                     /isolate="Patient #152"
                     /isolate="DGGE band PSBAC-13"
                     /isolation_source="rumen isolates from standard
                     Pelleted ration-fed steer #67"
                     /isolation_source="permanent Antarctic sea ice"
                     /isolation_source="denitrifying activated sludge from
                     carbon_limited continuous reactor"
                     /lab_host="Gallus gallus"
                     /lab_host="Gallus gallus embryo"
                     /lab_host="Escherichia coli strain DH5 alpha"
                     /lab_host="Homo sapiens HeLa cells"
                     /lat_lon="47.94 N 28.12 W"
                     /lat_lon="45.0123 S 4.1234 E"
                     /linkage_evidence="paired-ends"
                     /linkage_evidence="within clone"
                     /locus_tag="ABC_0022"
                     /locus_tag="A1C_00001"
                     /macronuclear
                     /mating_type="MAT-1"
                     /mating_type="plus"
                     /mating_type="-"
                     /mating_type="odd"
                     /mating_type="even"
                     /metagenome_source="human gut metagenome"
                     /metagenome_source="soil metagenome"
                     /mobile_element_type="transposon:Tnp9"
                     /mod_base=m5c
                     /mol_type="genomic DNA"
                     /ncRNA_class="miRNA"
                     /ncRNA_class="siRNA"
                     /ncRNA_class="scRNA"
                     /note="This qualifier is equivalent to a comment."
                     /number=4
                     /number=6B
                     /old_locus_tag="RSc0382"
                     /locus_tag="YPO0002"
                     /operon="lac"
                     /organelle="chromatophore"
                     /organelle="hydrogenosome"
                     /organelle="mitochondrion"
                     /organelle="nucleomorph"
                     /organelle="plastid"
                     /organelle="mitochondrion:kinetoplast"
                     /organelle="plastid:chloroplast"
                     /organelle="plastid:apicoplast"
                     /organelle="plastid:chromoplast"
                     /organelle="plastid:cyanelle"
                     /organelle="plastid:leucoplast"
                     /organelle="plastid:proplastid"
                     /organism="Homo sapiens"
                     /partial
                     /PCR_conditions="Initial denaturation:94degC,1.5min"
                     /PCR_primers="fwd_name: CO1P1, fwd_seq: ttgattttttggtcayccwgaagt,
                     rev_name: CO1R4, rev_seq: ccwvytardcctarraartgttg"
                     /PCR_primers=" fwd_name: hoge1, fwd_seq: cgkgtgtatcttact,
                     rev_name: hoge2, rev_seq: cg<i>gtgtatcttact"
                     /PCR_primers="fwd_name: CO1P1, fwd_seq: ttgattttttggtcayccwgaagt,
                     fwd_name: CO1P2, fwd_seq: gatacacaggtcayccwgaagt, rev_name: CO1R4,
                     rev_seq: ccwvytardcctarraartgttg"
                     /phenotype="erythromycin resistance"
                     /plasmid="C-589"
                     /pop_variant="pop1"
                     /pop_variant="Bear Paw"
                     /product="trypsinogen"
                     /product="trypsin"
                     /product="XYZ neural-specific transcript"
                     /protein_id="AAA12345.1"
                     /protein_id="AAA1234567.1"
                     /proviral
                     /pseudo
                     /pseudogene="processed"
                     /pseudogene="unprocessed"
                     /pseudogene="unitary"
                     /pseudogene="allelic"
                     /pseudogene="unknown"
                     /rearranged
                     /recombination_class="meiotic"
                     /recombination_class="chromosome_breakpoint"
                     /regulatory_class="promoter"
                     /regulatory_class="enhancer"
                     /regulatory_class="ribosome_binding_site"
                     /replace="a"
                     /replace=""
                     /ribosomal_slippage
                     /rpt_family="Alu"
                     /rpt_type=INVERTED
                     /rpt_unit_range=202..245
                     /rpt_unit_seq="aagggc"
                     /rpt_unit_seq="ag(5)tg(8)"
                     /rpt_unit_seq="(AAAGA)6(AAAA)1(AAAGA)12"
                     /satellite="satellite: S1a"
                     /satellite="satellite: alpha"
                     /satellite="satellite: gamma III"
                     /satellite="microsatellite: DC130"
                     /segment="6"
                     /serotype="B1"
                     /serovar="O157:H7"
                     /sex="female"
                     /sex="male"
                     /sex="hermaphrodite"
                     /sex="unisexual"
                     /sex="bisexual"
                     /sex="asexual"
                     /sex="monoecious"
                     /sex="dioecious"
                     /specimen_voucher="UAM:Mamm:52179"
                     /specimen_voucher="AMCC:101706"
                     /specimen_voucher="USNM:field series 8798"
                     /specimen_voucher="personal:Dan Janzen:99-SRNP-2003"
                     /specimen_voucher="99-SRNP-2003"
                     /standard_name="dotted"
                     /strain="BALB/c"
                     /sub_clone="lambda-hIL7.20g"
                     /submitter_seqid="NODE_1"
                     /sub_species="lactis"
                     /sub_strain="abis"
                     /tag_peptide=90..122
                     /tissue_lib="tissue library 772"
                     /tissue_type="liver"
                     /transgenic
                     /translation="MASTFPPWYRGCASTPSLKGLIMCTW"
                     /transl_except=(pos:213..215,aa:Trp)
                     /transl_except=(pos:1017,aa:TERM)
                     /transl_except=(pos:2000..2001,aa:TERM)
                     /transl_except=(pos:X22222:15..17,aa:Ala)
                     /transl_table=4
                     /trans_splicing
                     /type_material="type strain of Escherichia coli"
                     /type_material="holotype of Cercopitheus lomamiensis"
                     /type_material="paratype of Cercopitheus lomamiensis"
                     /variety="insularis"
                     /calculated_mol_wt=3430
                     /site_type="other"
                     /coded_by="NM_000207.3:60..392"
                     /mutated
